01:43:43 **** Incremental Build of configuration Debug for project aplicacion-3 ****
make -j12 all 
arm-none-eabi-gcc "../Core/Src/main.c" -mcpu=cortex-m4 -std=gnu11 -g3 -DDEBUG -DUSE_HAL_DRIVER -DSTM32F429xx -c -I../Core/Inc -I../Drivers/STM32F4xx_HAL_Driver/Inc -I../Drivers/STM32F4xx_HAL_Driver/Inc/Legacy -I../Drivers/CMSIS/Device/ST/STM32F4xx/Include -I../Drivers/CMSIS/Include -I"E:/tecnicas digitales 2/practica4/aplicacion-3/Drivers/API/Inc" -I"E:/tecnicas digitales 2/practica4/aplicacion-3/Drivers/API/Src" -O0 -ffunction-sections -fdata-sections -Wall -fstack-usage -fcyclomatic-complexity -MMD -MP -MF"Core/Src/main.d" -MT"Core/Src/main.o" --specs=nano.specs -mfpu=fpv4-sp-d16 -mfloat-abi=hard -mthumb -o "Core/Src/main.o"
arm-none-eabi-gcc -o "aplicacion-3.elf" @"objects.list"   -mcpu=cortex-m4 -T"E:\tecnicas digitales 2\practica4\aplicacion-3\STM32F429ZITX_FLASH.ld" --specs=nosys.specs -Wl,-Map="aplicacion-3.map" -Wl,--gc-sections -static --specs=nano.specs -mfpu=fpv4-sp-d16 -mfloat-abi=hard -mthumb -Wl,--start-group -lc -lm -Wl,--end-group
Finished building target: aplicacion-3.elf
 
arm-none-eabi-size  aplicacion-3.elf 
arm-none-eabi-objdump -h -S aplicacion-3.elf  > "aplicacion-3.list"
   text	   data	    bss	    dec	    hex	filename
  14128	     12	   3468	  17608	   44c8	aplicacion-3.elf
Finished building: default.size.stdout
 
Finished building: aplicacion-3.list
 

01:43:44 Build Finished. 0 errors, 0 warnings. (took 1s.25ms)

