01:45:31 **** Build of configuration Debug for project aplicacion-1.1 ****
make -j12 all 
arm-none-eabi-gcc "../Drivers/API/Src/API_debounce.c" -mcpu=cortex-m4 -std=gnu11 -g3 -DDEBUG -DUSE_HAL_DRIVER -DSTM32F429xx -c -I../Core/Inc -I../Drivers/STM32F4xx_HAL_Driver/Inc -I../Drivers/STM32F4xx_HAL_Driver/Inc/Legacy -I../Drivers/CMSIS/Device/ST/STM32F4xx/Include -I../Drivers/CMSIS/Include -I"E:/tecnicas digitales 2/practica4/aplicacion-1.1/Drivers/API/Inc" -I"E:/tecnicas digitales 2/practica4/aplicacion-1.1/Drivers/API/Src" -O0 -ffunction-sections -fdata-sections -Wall -fstack-usage -fcyclomatic-complexity -MMD -MP -MF"Drivers/API/Src/API_debounce.d" -MT"Drivers/API/Src/API_debounce.o" --specs=nano.specs -mfpu=fpv4-sp-d16 -mfloat-abi=hard -mthumb -o "Drivers/API/Src/API_debounce.o"
arm-none-eabi-gcc -o "aplicacion-1.1.elf" @"objects.list"   -mcpu=cortex-m4 -T"E:\tecnicas digitales 2\practica4\aplicacion-1.1\STM32F429ZITX_FLASH.ld" --specs=nosys.specs -Wl,-Map="aplicacion-1.1.map" -Wl,--gc-sections -static --specs=nano.specs -mfpu=fpv4-sp-d16 -mfloat-abi=hard -mthumb -Wl,--start-group -lc -lm -Wl,--end-group
Finished building target: aplicacion-1.1.elf
 
arm-none-eabi-size  aplicacion-1.1.elf 
arm-none-eabi-objdump -h -S aplicacion-1.1.elf  > "aplicacion-1.1.list"
   text	   data	    bss	    dec	    hex	filename
  12876	     12	   3452	  16340	   3fd4	aplicacion-1.1.elf
Finished building: default.size.stdout
 
Finished building: aplicacion-1.1.list
 

01:45:32 Build Finished. 0 errors, 0 warnings. (took 1s.124ms)

