16:32:33 **** Incremental Build of configuration Debug for project aplicacion-1 ****
make -j12 all 
arm-none-eabi-gcc "../Core/Src/main.c" -mcpu=cortex-m4 -std=gnu11 -g3 -DDEBUG -DUSE_HAL_DRIVER -DSTM32F429xx -c -I../Core/Inc -I../Drivers/STM32F4xx_HAL_Driver/Inc -I../Drivers/STM32F4xx_HAL_Driver/Inc/Legacy -I../Drivers/CMSIS/Device/ST/STM32F4xx/Include -I../Drivers/CMSIS/Include -I"E:/tecnicas digitales 2/practica4/aplicacion-1/Drivers/API/Inc" -I"E:/tecnicas digitales 2/practica4/aplicacion-1/Drivers/API/Src" -O0 -ffunction-sections -fdata-sections -Wall -fstack-usage -fcyclomatic-complexity -MMD -MP -MF"Core/Src/main.d" -MT"Core/Src/main.o" --specs=nano.specs -mfpu=fpv4-sp-d16 -mfloat-abi=hard -mthumb -o "Core/Src/main.o"
arm-none-eabi-gcc -o "aplicacion-1.elf" @"objects.list"   -mcpu=cortex-m4 -T"E:\tecnicas digitales 2\practica4\aplicacion-1\STM32F429ZITX_FLASH.ld" --specs=nosys.specs -Wl,-Map="aplicacion-1.map" -Wl,--gc-sections -static --specs=nano.specs -mfpu=fpv4-sp-d16 -mfloat-abi=hard -mthumb -Wl,--start-group -lc -lm -Wl,--end-group
Finished building target: aplicacion-1.elf
 
arm-none-eabi-size  aplicacion-1.elf 
arm-none-eabi-objdump -h -S aplicacion-1.elf  > "aplicacion-1.list"
   text	   data	    bss	    dec	    hex	filename
  13240	     12	   3460	  16712	   4148	aplicacion-1.elf
Finished building: default.size.stdout
 
Finished building: aplicacion-1.list
 

16:32:34 Build Finished. 0 errors, 0 warnings. (took 937ms)

