../Drivers/STM32F4xx_HAL_Driver/Src/stm32f4xx_hal_pcd.c:126:19:HAL_PCD_Init	32	static
../Drivers/STM32F4xx_HAL_Driver/Src/stm32f4xx_hal_pcd.c:252:19:HAL_PCD_DeInit	16	static
../Drivers/STM32F4xx_HAL_Driver/Src/stm32f4xx_hal_pcd.c:288:13:HAL_PCD_MspInit	16	static
../Drivers/STM32F4xx_HAL_Driver/Src/stm32f4xx_hal_pcd.c:302:13:HAL_PCD_MspDeInit	16	static
../Drivers/STM32F4xx_HAL_Driver/Src/stm32f4xx_hal_pcd.c:1004:19:HAL_PCD_Start	24	static
../Drivers/STM32F4xx_HAL_Driver/Src/stm32f4xx_hal_pcd.c:1027:19:HAL_PCD_Stop	24	static
../Drivers/STM32F4xx_HAL_Driver/Src/stm32f4xx_hal_pcd.c:1053:6:HAL_PCD_IRQHandler	64	static
../Drivers/STM32F4xx_HAL_Driver/Src/stm32f4xx_hal_pcd.c:1477:6:HAL_PCD_WKUP_IRQHandler	24	static
../Drivers/STM32F4xx_HAL_Driver/Src/stm32f4xx_hal_pcd.c:1500:13:HAL_PCD_DataOutStageCallback	16	static
../Drivers/STM32F4xx_HAL_Driver/Src/stm32f4xx_hal_pcd.c:1516:13:HAL_PCD_DataInStageCallback	16	static
../Drivers/STM32F4xx_HAL_Driver/Src/stm32f4xx_hal_pcd.c:1530:13:HAL_PCD_SetupStageCallback	16	static
../Drivers/STM32F4xx_HAL_Driver/Src/stm32f4xx_hal_pcd.c:1544:13:HAL_PCD_SOFCallback	16	static
../Drivers/STM32F4xx_HAL_Driver/Src/stm32f4xx_hal_pcd.c:1558:13:HAL_PCD_ResetCallback	16	static
../Drivers/STM32F4xx_HAL_Driver/Src/stm32f4xx_hal_pcd.c:1572:13:HAL_PCD_SuspendCallback	16	static
../Drivers/STM32F4xx_HAL_Driver/Src/stm32f4xx_hal_pcd.c:1586:13:HAL_PCD_ResumeCallback	16	static
../Drivers/STM32F4xx_HAL_Driver/Src/stm32f4xx_hal_pcd.c:1601:13:HAL_PCD_ISOOUTIncompleteCallback	16	static
../Drivers/STM32F4xx_HAL_Driver/Src/stm32f4xx_hal_pcd.c:1618:13:HAL_PCD_ISOINIncompleteCallback	16	static
../Drivers/STM32F4xx_HAL_Driver/Src/stm32f4xx_hal_pcd.c:1634:13:HAL_PCD_ConnectCallback	16	static
../Drivers/STM32F4xx_HAL_Driver/Src/stm32f4xx_hal_pcd.c:1648:13:HAL_PCD_DisconnectCallback	16	static
../Drivers/STM32F4xx_HAL_Driver/Src/stm32f4xx_hal_pcd.c:1681:19:HAL_PCD_DevConnect	24	static
../Drivers/STM32F4xx_HAL_Driver/Src/stm32f4xx_hal_pcd.c:1702:19:HAL_PCD_DevDisconnect	24	static
../Drivers/STM32F4xx_HAL_Driver/Src/stm32f4xx_hal_pcd.c:1725:19:HAL_PCD_SetAddress	16	static
../Drivers/STM32F4xx_HAL_Driver/Src/stm32f4xx_hal_pcd.c:1741:19:HAL_PCD_EP_Open	24	static
../Drivers/STM32F4xx_HAL_Driver/Src/stm32f4xx_hal_pcd.c:1781:19:HAL_PCD_EP_Close	24	static
../Drivers/STM32F4xx_HAL_Driver/Src/stm32f4xx_hal_pcd.c:1807:19:HAL_PCD_EP_Receive	32	static
../Drivers/STM32F4xx_HAL_Driver/Src/stm32f4xx_hal_pcd.c:1835:10:HAL_PCD_EP_GetRxCount	16	static
../Drivers/STM32F4xx_HAL_Driver/Src/stm32f4xx_hal_pcd.c:1846:19:HAL_PCD_EP_Transmit	32	static
../Drivers/STM32F4xx_HAL_Driver/Src/stm32f4xx_hal_pcd.c:1874:19:HAL_PCD_EP_SetStall	24	static
../Drivers/STM32F4xx_HAL_Driver/Src/stm32f4xx_hal_pcd.c:1912:19:HAL_PCD_EP_ClrStall	24	static
../Drivers/STM32F4xx_HAL_Driver/Src/stm32f4xx_hal_pcd.c:1943:19:HAL_PCD_EP_Abort	24	static
../Drivers/STM32F4xx_HAL_Driver/Src/stm32f4xx_hal_pcd.c:1965:19:HAL_PCD_EP_Flush	16	static
../Drivers/STM32F4xx_HAL_Driver/Src/stm32f4xx_hal_pcd.c:1985:19:HAL_PCD_ActivateRemoteWakeup	16	static
../Drivers/STM32F4xx_HAL_Driver/Src/stm32f4xx_hal_pcd.c:1994:19:HAL_PCD_DeActivateRemoteWakeup	16	static
../Drivers/STM32F4xx_HAL_Driver/Src/stm32f4xx_hal_pcd.c:2022:18:HAL_PCD_GetState	16	static
../Drivers/STM32F4xx_HAL_Driver/Src/stm32f4xx_hal_pcd.c:2033:19:HAL_PCD_SetTestMode	24	static
../Drivers/STM32F4xx_HAL_Driver/Src/stm32f4xx_hal_pcd.c:2073:26:PCD_WriteEmptyTxFifo	48	static
../Drivers/STM32F4xx_HAL_Driver/Src/stm32f4xx_hal_pcd.c:2127:26:PCD_EP_OutXfrComplete_int	40	static
../Drivers/STM32F4xx_HAL_Driver/Src/stm32f4xx_hal_pcd.c:2225:26:PCD_EP_OutSetupPacket_int	32	static
