../Core/Src/main.c:106:8:debounceFSM_init	24	static
../Core/Src/main.c:79:5:main	32	static
../Core/Src/main.c:116:8:buttonPressed	16	static
../Core/Src/main.c:122:8:buttonReleased	16	static
../Core/Src/main.c:128:8:debounceFSM_update	32	static
../Core/Src/main.c:202:6:SystemClock_Config	88	static
../Core/Src/main.c:248:13:MX_ETH_Init	8	static
../Core/Src/main.c:297:13:MX_USART3_UART_Init	8	static
../Core/Src/main.c:330:13:MX_USB_OTG_FS_PCD_Init	8	static
../Core/Src/main.c:370:6:Error_Handler	4	static,ignoring_inline_asm
